<html>
  <head>
    <title>Test page</title>
  </head>
  
  <body>
    <div class="test1">
      
    </div>
    <div class="test2">testing modules.... 1,2,3</div>
    
    <script>
      console.log("This should not show up!");
    </script>
  </body>
  
</html>